// Jest Snapshot v1, https://goo.gl/fbAQLP

exports[`Register Page Matches snapshot 1`] = `undefined`;
