// Jest Snapshot v1, https://goo.gl/fbAQLP

exports[`My Merchants Page Matches snapshot 1`] = `
{
  "asFragment": [Function],
  "baseElement": <body>
    <div>
      <main
        class="mainWrap"
        data-testid="myMerchant-wrap"
      >
        <div
          class="header"
        >
          <button
            class="MuiButtonBase-root MuiButton-root MuiButton-contained MuiButton-containedPrimary MuiButton-sizeMedium MuiButton-containedSizeMedium MuiButton-root MuiButton-contained MuiButton-containedPrimary MuiButton-sizeMedium MuiButton-containedSizeMedium backButton css-sghohy-MuiButtonBase-root-MuiButton-root"
            data-testid="back-button"
            tabindex="0"
            type="button"
          >
            <span
              class="MuiButton-startIcon MuiButton-iconSizeMedium css-1d6wzja-MuiButton-startIcon"
            >
              <svg
                aria-hidden="true"
                class="MuiSvgIcon-root MuiSvgIcon-fontSizeMedium css-i4bv87-MuiSvgIcon-root"
                data-testid="ArrowBackIcon"
                focusable="false"
                viewBox="0 0 24 24"
              >
                <path
                  d="M20 11H7.83l5.59-5.59L12 4l-8 8 8 8 1.41-1.41L7.83 13H20v-2z"
                />
              </svg>
            </span>
            Kembali
            <span
              class="MuiTouchRipple-root css-8je8zh-MuiTouchRipple-root"
            />
          </button>
        </div>
        <div
          class="MuiPaper-root MuiPaper-elevation MuiPaper-rounded MuiPaper-elevation1 MuiCard-root Wrap css-bhp9pd-MuiPaper-root-MuiCard-root"
        >
          <div
            class="MuiCardContent-root cardWrap css-46bh2p-MuiCardContent-root"
          >
            <input
              accept="image/*"
              style="display: none;"
              type="file"
            />
            <div
              class="imgWrap"
            >
              <div
                class="MuiAvatar-root MuiAvatar-square MuiAvatar-colorDefault avatar css-18gxrea-MuiAvatar-root"
              >
                l
              </div>
              <svg
                aria-hidden="true"
                class="MuiSvgIcon-root MuiSvgIcon-fontSizeMedium buttonEdit css-i4bv87-MuiSvgIcon-root"
                data-testid="EditIcon"
                focusable="false"
                viewBox="0 0 24 24"
              >
                <path
                  d="M3 17.25V21h3.75L17.81 9.94l-3.75-3.75L3 17.25zM20.71 7.04c.39-.39.39-1.02 0-1.41l-2.34-2.34a.9959.9959 0 0 0-1.41 0l-1.83 1.83 3.75 3.75 1.83-1.83z"
                />
              </svg>
              <svg
                aria-hidden="true"
                class="MuiSvgIcon-root MuiSvgIcon-fontSizeMedium iconCamera css-i4bv87-MuiSvgIcon-root"
                data-testid="FlipCameraIosIcon"
                focusable="false"
                viewBox="0 0 24 24"
              >
                <path
                  d="M20 5h-3.17L15 3H9L7.17 5H4c-1.1 0-2 .9-2 2v12c0 1.1.9 2 2 2h16c1.1 0 2-.9 2-2V7c0-1.1-.9-2-2-2zm-8 13c-2.76 0-5-2.24-5-5H5l2.5-2.5L10 13H8c0 2.21 1.79 4 4 4 .58 0 1.13-.13 1.62-.35l.74.74c-.71.37-1.5.61-2.36.61zm4.5-2.5L14 13h2c0-2.21-1.79-4-4-4-.58 0-1.13.13-1.62.35l-.74-.73C10.35 8.24 11.14 8 12 8c2.76 0 5 2.24 5 5h2l-2.5 2.5z"
                />
              </svg>
            </div>
            <div
              data-testid="dialog-merchant"
            />
            <div>
              <h4>
                Laundry
              </h4>
              <span
                class="profileInfo"
              >
                <p
                  class="profileLabel"
                >
                  Nama Laundry
                </p>
                <p
                  class="profileText"
                >
                  : 
                  laundry
                </p>
              </span>
              <span
                class="profileInfo"
              >
                <p
                  class="profileLabel"
                >
                  Deskripsi
                </p>
                <p
                  class="profileText"
                >
                  : 
                  description
                </p>
              </span>
              <button
                class="buttonEditProfile"
                data-testid="button-dialog"
                type="button"
              >
                Ubah
              </button>
            </div>
          </div>
        </div>
      </main>
    </div>
  </body>,
  "container": <div>
    <main
      class="mainWrap"
      data-testid="myMerchant-wrap"
    >
      <div
        class="header"
      >
        <button
          class="MuiButtonBase-root MuiButton-root MuiButton-contained MuiButton-containedPrimary MuiButton-sizeMedium MuiButton-containedSizeMedium MuiButton-root MuiButton-contained MuiButton-containedPrimary MuiButton-sizeMedium MuiButton-containedSizeMedium backButton css-sghohy-MuiButtonBase-root-MuiButton-root"
          data-testid="back-button"
          tabindex="0"
          type="button"
        >
          <span
            class="MuiButton-startIcon MuiButton-iconSizeMedium css-1d6wzja-MuiButton-startIcon"
          >
            <svg
              aria-hidden="true"
              class="MuiSvgIcon-root MuiSvgIcon-fontSizeMedium css-i4bv87-MuiSvgIcon-root"
              data-testid="ArrowBackIcon"
              focusable="false"
              viewBox="0 0 24 24"
            >
              <path
                d="M20 11H7.83l5.59-5.59L12 4l-8 8 8 8 1.41-1.41L7.83 13H20v-2z"
              />
            </svg>
          </span>
          Kembali
          <span
            class="MuiTouchRipple-root css-8je8zh-MuiTouchRipple-root"
          />
        </button>
      </div>
      <div
        class="MuiPaper-root MuiPaper-elevation MuiPaper-rounded MuiPaper-elevation1 MuiCard-root Wrap css-bhp9pd-MuiPaper-root-MuiCard-root"
      >
        <div
          class="MuiCardContent-root cardWrap css-46bh2p-MuiCardContent-root"
        >
          <input
            accept="image/*"
            style="display: none;"
            type="file"
          />
          <div
            class="imgWrap"
          >
            <div
              class="MuiAvatar-root MuiAvatar-square MuiAvatar-colorDefault avatar css-18gxrea-MuiAvatar-root"
            >
              l
            </div>
            <svg
              aria-hidden="true"
              class="MuiSvgIcon-root MuiSvgIcon-fontSizeMedium buttonEdit css-i4bv87-MuiSvgIcon-root"
              data-testid="EditIcon"
              focusable="false"
              viewBox="0 0 24 24"
            >
              <path
                d="M3 17.25V21h3.75L17.81 9.94l-3.75-3.75L3 17.25zM20.71 7.04c.39-.39.39-1.02 0-1.41l-2.34-2.34a.9959.9959 0 0 0-1.41 0l-1.83 1.83 3.75 3.75 1.83-1.83z"
              />
            </svg>
            <svg
              aria-hidden="true"
              class="MuiSvgIcon-root MuiSvgIcon-fontSizeMedium iconCamera css-i4bv87-MuiSvgIcon-root"
              data-testid="FlipCameraIosIcon"
              focusable="false"
              viewBox="0 0 24 24"
            >
              <path
                d="M20 5h-3.17L15 3H9L7.17 5H4c-1.1 0-2 .9-2 2v12c0 1.1.9 2 2 2h16c1.1 0 2-.9 2-2V7c0-1.1-.9-2-2-2zm-8 13c-2.76 0-5-2.24-5-5H5l2.5-2.5L10 13H8c0 2.21 1.79 4 4 4 .58 0 1.13-.13 1.62-.35l.74.74c-.71.37-1.5.61-2.36.61zm4.5-2.5L14 13h2c0-2.21-1.79-4-4-4-.58 0-1.13.13-1.62.35l-.74-.73C10.35 8.24 11.14 8 12 8c2.76 0 5 2.24 5 5h2l-2.5 2.5z"
              />
            </svg>
          </div>
          <div
            data-testid="dialog-merchant"
          />
          <div>
            <h4>
              Laundry
            </h4>
            <span
              class="profileInfo"
            >
              <p
                class="profileLabel"
              >
                Nama Laundry
              </p>
              <p
                class="profileText"
              >
                : 
                laundry
              </p>
            </span>
            <span
              class="profileInfo"
            >
              <p
                class="profileLabel"
              >
                Deskripsi
              </p>
              <p
                class="profileText"
              >
                : 
                description
              </p>
            </span>
            <button
              class="buttonEditProfile"
              data-testid="button-dialog"
              type="button"
            >
              Ubah
            </button>
          </div>
        </div>
      </div>
    </main>
  </div>,
  "debug": [Function],
  "findAllByAltText": [Function],
  "findAllByDisplayValue": [Function],
  "findAllByLabelText": [Function],
  "findAllByPlaceholderText": [Function],
  "findAllByRole": [Function],
  "findAllByTestId": [Function],
  "findAllByText": [Function],
  "findAllByTitle": [Function],
  "findByAltText": [Function],
  "findByDisplayValue": [Function],
  "findByLabelText": [Function],
  "findByPlaceholderText": [Function],
  "findByRole": [Function],
  "findByTestId": [Function],
  "findByText": [Function],
  "findByTitle": [Function],
  "getAllByAltText": [Function],
  "getAllByDisplayValue": [Function],
  "getAllByLabelText": [Function],
  "getAllByPlaceholderText": [Function],
  "getAllByRole": [Function],
  "getAllByTestId": [Function],
  "getAllByText": [Function],
  "getAllByTitle": [Function],
  "getByAltText": [Function],
  "getByDisplayValue": [Function],
  "getByLabelText": [Function],
  "getByPlaceholderText": [Function],
  "getByRole": [Function],
  "getByTestId": [Function],
  "getByText": [Function],
  "getByTitle": [Function],
  "queryAllByAltText": [Function],
  "queryAllByDisplayValue": [Function],
  "queryAllByLabelText": [Function],
  "queryAllByPlaceholderText": [Function],
  "queryAllByRole": [Function],
  "queryAllByTestId": [Function],
  "queryAllByText": [Function],
  "queryAllByTitle": [Function],
  "queryByAltText": [Function],
  "queryByDisplayValue": [Function],
  "queryByLabelText": [Function],
  "queryByPlaceholderText": [Function],
  "queryByRole": [Function],
  "queryByTestId": [Function],
  "queryByText": [Function],
  "queryByTitle": [Function],
  "rerender": [Function],
  "unmount": [Function],
}
`;
