// Jest Snapshot v1, https://goo.gl/fbAQLP

exports[`Laundry Page Matches snapshot 1`] = `
{
  "asFragment": [Function],
  "baseElement": <body
    style=""
  >
    <div>
      <main
        class="mainWrap"
        data-testid="laundry-page"
      >
        <div
          class="header"
        >
          <h3>
            Laundry
          </h3>
          <button
            class="MuiButtonBase-root MuiButton-root MuiButton-contained MuiButton-containedPrimary MuiButton-sizeMedium MuiButton-containedSizeMedium MuiButton-root MuiButton-contained MuiButton-containedPrimary MuiButton-sizeMedium MuiButton-containedSizeMedium backButton css-sghohy-MuiButtonBase-root-MuiButton-root"
            data-testid="back-button"
            tabindex="0"
            type="button"
          >
            <span
              class="MuiButton-startIcon MuiButton-iconSizeMedium css-1d6wzja-MuiButton-startIcon"
            >
              <svg
                aria-hidden="true"
                class="MuiSvgIcon-root MuiSvgIcon-fontSizeMedium css-i4bv87-MuiSvgIcon-root"
                data-testid="ArrowBackIcon"
                focusable="false"
                viewBox="0 0 24 24"
              >
                <path
                  d="M20 11H7.83l5.59-5.59L12 4l-8 8 8 8 1.41-1.41L7.83 13H20v-2z"
                />
              </svg>
            </span>
            Kembali
            <span
              class="MuiTouchRipple-root css-8je8zh-MuiTouchRipple-root"
            />
          </button>
        </div>
        <div
          class="MuiPaper-root MuiPaper-elevation MuiPaper-rounded MuiPaper-elevation1 MuiCard-root card css-bhp9pd-MuiPaper-root-MuiCard-root"
        >
          <div
            class="MuiCardContent-root cardContent css-46bh2p-MuiCardContent-root"
          >
            <div
              class="merchant"
              data-testid="merchant-info"
            >
              <div
                class="imgWrap"
              >
                <div
                  class="MuiAvatar-root MuiAvatar-square MuiAvatar-colorDefault avatar css-18gxrea-MuiAvatar-root"
                >
                  l
                </div>
              </div>
              <div>
                <h4
                  class="merchantInfoHeader"
                >
                  laundry
                </h4>
                <span
                  class="profileInfo"
                >
                  <p
                    class="profileText"
                  >
                    description
                  </p>
                </span>
              </div>
              <button
                aria-label="Pesan"
                class="MuiButtonBase-root MuiIconButton-root MuiIconButton-colorInherit MuiIconButton-sizeMedium chatButton css-zylse7-MuiButtonBase-root-MuiIconButton-root"
                data-mui-internal-clone-element="true"
                tabindex="0"
                type="button"
              >
                <svg
                  aria-hidden="true"
                  class="MuiSvgIcon-root MuiSvgIcon-fontSizeMedium css-i4bv87-MuiSvgIcon-root"
                  data-testid="AddCommentOutlinedIcon"
                  focusable="false"
                  viewBox="0 0 24 24"
                >
                  <path
                    d="M22 4c0-1.1-.9-2-2-2H4c-1.1 0-2 .9-2 2v12c0 1.1.9 2 2 2h14l4 4V4zm-2 13.17L18.83 16H4V4h16v13.17zM13 5h-2v4H7v2h4v4h2v-4h4V9h-4z"
                  />
                </svg>
                <span
                  class="MuiTouchRipple-root css-8je8zh-MuiTouchRipple-root"
                />
              </button>
            </div>
            <div>
              <div
                class="service"
                data-testid="button-dialog"
              >
                <svg
                  aria-hidden="true"
                  class="MuiSvgIcon-root MuiSvgIcon-fontSizeMedium css-i4bv87-MuiSvgIcon-root"
                  data-testid="DryCleaningIcon"
                  focusable="false"
                  viewBox="0 0 24 24"
                >
                  <path
                    d="M19.56 11.36 13 8.44V7c0-.55-.45-1-1-1s-1-.45-1-1 .45-1 1-1 1 .45 1 1h2c0-1.84-1.66-3.3-3.56-2.95-1.18.22-2.15 1.17-2.38 2.35-.3 1.56.6 2.94 1.94 3.42v.63l-6.56 2.92c-.88.38-1.44 1.25-1.44 2.2v.01C3 14.92 4.08 16 5.42 16H7v6h10v-6h1.58c1.34 0 2.42-1.08 2.42-2.42v-.01c0-.95-.56-1.82-1.44-2.21zM18.58 14H17v-1H7v1H5.42c-.23 0-.42-.19-.42-.43 0-.17.1-.32.25-.38l6.75-3 6.75 3c.15.07.25.22.25.39 0 .23-.19.42-.42.42z"
                  />
                </svg>
                <div
                  class="serviceInfoWrap"
                >
                  <div
                    class="serviceInfo"
                  >
                    <div
                      class="Name"
                    >
                      <p>
                        reguler
                      </p>
                      <p
                        class="type"
                      >
                        Tipe  
                        Satuan
                      </p>
                    </div>
                    <p>
                      RpÂ 2.000
                    </p>
                  </div>
                </div>
              </div>
            </div>
            <div
              class="PrivateSwipeArea-root css-17j2vre"
              style="height: 20px;"
            />
          </div>
        </div>
      </main>
    </div>
    <div
      aria-hidden="true"
      class="MuiDrawer-root MuiDrawer-modal dialog MuiModal-root MuiModal-hidden css-12y4yjv-MuiModal-root-MuiDrawer-root"
      data-testid="dialog-service"
      role="presentation"
    >
      <div
        aria-hidden="true"
        class="MuiBackdrop-root MuiModal-backdrop css-i9fmh8-MuiBackdrop-root-MuiModal-backdrop"
        style="opacity: 0; visibility: hidden;"
      />
      <div
        data-testid="sentinelStart"
        tabindex="-1"
      />
      <div
        class="MuiPaper-root MuiPaper-elevation MuiPaper-elevation16 MuiDrawer-paper MuiDrawer-paperAnchorBottom css-9emuhu-MuiPaper-root-MuiDrawer-paper"
        style="visibility: hidden; pointer-events: none; webkit-transform: translateY(768px); transform: translateY(768px);"
        tabindex="-1"
      >
        <h2
          class="MuiTypography-root MuiTypography-h6 MuiDialogTitle-root css-1xi8exm-MuiTypography-root-MuiDialogTitle-root"
        >
          <b>
            Detail Layanan
          </b>
        </h2>
        <button
          aria-label="close"
          class="MuiButtonBase-root MuiIconButton-root MuiIconButton-sizeMedium css-qsfli3-MuiButtonBase-root-MuiIconButton-root"
          tabindex="0"
          type="button"
        >
          <svg
            aria-hidden="true"
            class="MuiSvgIcon-root MuiSvgIcon-fontSizeMedium css-i4bv87-MuiSvgIcon-root"
            data-testid="CloseIcon"
            focusable="false"
            viewBox="0 0 24 24"
          >
            <path
              d="M19 6.41 17.59 5 12 10.59 6.41 5 5 6.41 10.59 12 5 17.59 6.41 19 12 13.41 17.59 19 19 17.59 13.41 12z"
            />
          </svg>
          <span
            class="MuiTouchRipple-root css-8je8zh-MuiTouchRipple-root"
          />
        </button>
        <div
          class="MuiDialogContent-root css-ypiqx9-MuiDialogContent-root"
        >
          <div>
            <div
              class="field"
            >
              <p
                class="label"
              >
                Nama Layanan
              </p>
              <p
                class="text"
              />
            </div>
            <div
              class="field"
            >
              <p
                class="label"
              >
                Harga
              </p>
              <p
                class="text"
              >
                RpNaN
              </p>
            </div>
            <div
              class="field"
            >
              <p
                class="label"
              >
                Tipe  
              </p>
              <p
                class="text"
              >
                Satuan
              </p>
            </div>
          </div>
          <div
            class="buttonQuantity"
          >
            <button
              class="MuiButtonBase-root Mui-disabled MuiIconButton-root Mui-disabled MuiIconButton-sizeMedium css-78trlr-MuiButtonBase-root-MuiIconButton-root"
              data-testid="button-min"
              disabled=""
              tabindex="-1"
              type="button"
            >
              <svg
                aria-hidden="true"
                class="MuiSvgIcon-root MuiSvgIcon-fontSizeMedium css-i4bv87-MuiSvgIcon-root"
                data-testid="RemoveIcon"
                focusable="false"
                viewBox="0 0 24 24"
              >
                <path
                  d="M19 13H5v-2h14v2z"
                />
              </svg>
            </button>
            1
            <button
              class="MuiButtonBase-root MuiIconButton-root MuiIconButton-sizeMedium css-78trlr-MuiButtonBase-root-MuiIconButton-root"
              data-testid="button-plus"
              tabindex="0"
              type="button"
            >
              <svg
                aria-hidden="true"
                class="MuiSvgIcon-root MuiSvgIcon-fontSizeMedium css-i4bv87-MuiSvgIcon-root"
                data-testid="AddIcon"
                focusable="false"
                viewBox="0 0 24 24"
              >
                <path
                  d="M19 13h-6v6h-2v-6H5v-2h6V5h2v6h6v2z"
                />
              </svg>
              <span
                class="MuiTouchRipple-root css-8je8zh-MuiTouchRipple-root"
              />
            </button>
          </div>
        </div>
        <div
          class="MuiDialogActions-root MuiDialogActions-spacing action css-knqc4i-MuiDialogActions-root"
        >
          <button
            class="MuiButtonBase-root MuiButton-root MuiButton-contained MuiButton-containedPrimary MuiButton-sizeMedium MuiButton-containedSizeMedium MuiButton-root MuiButton-contained MuiButton-containedPrimary MuiButton-sizeMedium MuiButton-containedSizeMedium dialogAction css-sghohy-MuiButtonBase-root-MuiButton-root"
            data-testid="button-add"
            tabindex="0"
            type="button"
          >
            <span
              class="MuiButton-startIcon MuiButton-iconSizeMedium css-1d6wzja-MuiButton-startIcon"
            >
              <svg
                aria-hidden="true"
                class="MuiSvgIcon-root MuiSvgIcon-fontSizeMedium css-i4bv87-MuiSvgIcon-root"
                data-testid="AddShoppingCartIcon"
                focusable="false"
                viewBox="0 0 24 24"
              >
                <path
                  d="M11 9h2V6h3V4h-3V1h-2v3H8v2h3v3zm-4 9c-1.1 0-1.99.9-1.99 2S5.9 22 7 22s2-.9 2-2-.9-2-2-2zm10 0c-1.1 0-1.99.9-1.99 2s.89 2 1.99 2 2-.9 2-2-.9-2-2-2zm-9.83-3.25.03-.12.9-1.63h7.45c.75 0 1.41-.41 1.75-1.03l3.86-7.01L19.42 4h-.01l-1.1 2-2.76 5H8.53l-.13-.27L6.16 6l-.95-2-.94-2H1v2h2l3.6 7.59-1.35 2.45c-.16.28-.25.61-.25.96 0 1.1.9 2 2 2h12v-2H7.42c-.13 0-.25-.11-.25-.25z"
                />
              </svg>
            </span>
            Tambahkan ke keranjang
            <span
              class="MuiTouchRipple-root css-8je8zh-MuiTouchRipple-root"
            />
          </button>
          <button
            class="MuiButtonBase-root MuiButton-root MuiButton-contained MuiButton-containedPrimary MuiButton-sizeMedium MuiButton-containedSizeMedium MuiButton-root MuiButton-contained MuiButton-containedPrimary MuiButton-sizeMedium MuiButton-containedSizeMedium dialogAction css-sghohy-MuiButtonBase-root-MuiButton-root"
            data-testid="button-create"
            tabindex="0"
            type="button"
          >
            <span
              class="MuiButton-startIcon MuiButton-iconSizeMedium css-1d6wzja-MuiButton-startIcon"
            >
              <svg
                aria-hidden="true"
                class="MuiSvgIcon-root MuiSvgIcon-fontSizeMedium css-i4bv87-MuiSvgIcon-root"
                data-testid="LibraryBooksOutlinedIcon"
                focusable="false"
                viewBox="0 0 24 24"
              >
                <path
                  d="M4 6H2v14c0 1.1.9 2 2 2h14v-2H4V6zm16-4H8c-1.1 0-2 .9-2 2v12c0 1.1.9 2 2 2h12c1.1 0 2-.9 2-2V4c0-1.1-.9-2-2-2zm0 14H8V4h12v12zM10 9h8v2h-8zm0 3h4v2h-4zm0-6h8v2h-8z"
                />
              </svg>
            </span>
            Buat Pesanan
            <span
              class="MuiTouchRipple-root css-8je8zh-MuiTouchRipple-root"
            />
          </button>
        </div>
      </div>
      <div
        data-testid="sentinelEnd"
        tabindex="-1"
      />
    </div>
  </body>,
  "container": <div>
    <main
      class="mainWrap"
      data-testid="laundry-page"
    >
      <div
        class="header"
      >
        <h3>
          Laundry
        </h3>
        <button
          class="MuiButtonBase-root MuiButton-root MuiButton-contained MuiButton-containedPrimary MuiButton-sizeMedium MuiButton-containedSizeMedium MuiButton-root MuiButton-contained MuiButton-containedPrimary MuiButton-sizeMedium MuiButton-containedSizeMedium backButton css-sghohy-MuiButtonBase-root-MuiButton-root"
          data-testid="back-button"
          tabindex="0"
          type="button"
        >
          <span
            class="MuiButton-startIcon MuiButton-iconSizeMedium css-1d6wzja-MuiButton-startIcon"
          >
            <svg
              aria-hidden="true"
              class="MuiSvgIcon-root MuiSvgIcon-fontSizeMedium css-i4bv87-MuiSvgIcon-root"
              data-testid="ArrowBackIcon"
              focusable="false"
              viewBox="0 0 24 24"
            >
              <path
                d="M20 11H7.83l5.59-5.59L12 4l-8 8 8 8 1.41-1.41L7.83 13H20v-2z"
              />
            </svg>
          </span>
          Kembali
          <span
            class="MuiTouchRipple-root css-8je8zh-MuiTouchRipple-root"
          />
        </button>
      </div>
      <div
        class="MuiPaper-root MuiPaper-elevation MuiPaper-rounded MuiPaper-elevation1 MuiCard-root card css-bhp9pd-MuiPaper-root-MuiCard-root"
      >
        <div
          class="MuiCardContent-root cardContent css-46bh2p-MuiCardContent-root"
        >
          <div
            class="merchant"
            data-testid="merchant-info"
          >
            <div
              class="imgWrap"
            >
              <div
                class="MuiAvatar-root MuiAvatar-square MuiAvatar-colorDefault avatar css-18gxrea-MuiAvatar-root"
              >
                l
              </div>
            </div>
            <div>
              <h4
                class="merchantInfoHeader"
              >
                laundry
              </h4>
              <span
                class="profileInfo"
              >
                <p
                  class="profileText"
                >
                  description
                </p>
              </span>
            </div>
            <button
              aria-label="Pesan"
              class="MuiButtonBase-root MuiIconButton-root MuiIconButton-colorInherit MuiIconButton-sizeMedium chatButton css-zylse7-MuiButtonBase-root-MuiIconButton-root"
              data-mui-internal-clone-element="true"
              tabindex="0"
              type="button"
            >
              <svg
                aria-hidden="true"
                class="MuiSvgIcon-root MuiSvgIcon-fontSizeMedium css-i4bv87-MuiSvgIcon-root"
                data-testid="AddCommentOutlinedIcon"
                focusable="false"
                viewBox="0 0 24 24"
              >
                <path
                  d="M22 4c0-1.1-.9-2-2-2H4c-1.1 0-2 .9-2 2v12c0 1.1.9 2 2 2h14l4 4V4zm-2 13.17L18.83 16H4V4h16v13.17zM13 5h-2v4H7v2h4v4h2v-4h4V9h-4z"
                />
              </svg>
              <span
                class="MuiTouchRipple-root css-8je8zh-MuiTouchRipple-root"
              />
            </button>
          </div>
          <div>
            <div
              class="service"
              data-testid="button-dialog"
            >
              <svg
                aria-hidden="true"
                class="MuiSvgIcon-root MuiSvgIcon-fontSizeMedium css-i4bv87-MuiSvgIcon-root"
                data-testid="DryCleaningIcon"
                focusable="false"
                viewBox="0 0 24 24"
              >
                <path
                  d="M19.56 11.36 13 8.44V7c0-.55-.45-1-1-1s-1-.45-1-1 .45-1 1-1 1 .45 1 1h2c0-1.84-1.66-3.3-3.56-2.95-1.18.22-2.15 1.17-2.38 2.35-.3 1.56.6 2.94 1.94 3.42v.63l-6.56 2.92c-.88.38-1.44 1.25-1.44 2.2v.01C3 14.92 4.08 16 5.42 16H7v6h10v-6h1.58c1.34 0 2.42-1.08 2.42-2.42v-.01c0-.95-.56-1.82-1.44-2.21zM18.58 14H17v-1H7v1H5.42c-.23 0-.42-.19-.42-.43 0-.17.1-.32.25-.38l6.75-3 6.75 3c.15.07.25.22.25.39 0 .23-.19.42-.42.42z"
                />
              </svg>
              <div
                class="serviceInfoWrap"
              >
                <div
                  class="serviceInfo"
                >
                  <div
                    class="Name"
                  >
                    <p>
                      reguler
                    </p>
                    <p
                      class="type"
                    >
                      Tipe  
                      Satuan
                    </p>
                  </div>
                  <p>
                    RpÂ 2.000
                  </p>
                </div>
              </div>
            </div>
          </div>
          <div
            class="PrivateSwipeArea-root css-17j2vre"
            style="height: 20px;"
          />
        </div>
      </div>
    </main>
  </div>,
  "debug": [Function],
  "findAllByAltText": [Function],
  "findAllByDisplayValue": [Function],
  "findAllByLabelText": [Function],
  "findAllByPlaceholderText": [Function],
  "findAllByRole": [Function],
  "findAllByTestId": [Function],
  "findAllByText": [Function],
  "findAllByTitle": [Function],
  "findByAltText": [Function],
  "findByDisplayValue": [Function],
  "findByLabelText": [Function],
  "findByPlaceholderText": [Function],
  "findByRole": [Function],
  "findByTestId": [Function],
  "findByText": [Function],
  "findByTitle": [Function],
  "getAllByAltText": [Function],
  "getAllByDisplayValue": [Function],
  "getAllByLabelText": [Function],
  "getAllByPlaceholderText": [Function],
  "getAllByRole": [Function],
  "getAllByTestId": [Function],
  "getAllByText": [Function],
  "getAllByTitle": [Function],
  "getByAltText": [Function],
  "getByDisplayValue": [Function],
  "getByLabelText": [Function],
  "getByPlaceholderText": [Function],
  "getByRole": [Function],
  "getByTestId": [Function],
  "getByText": [Function],
  "getByTitle": [Function],
  "queryAllByAltText": [Function],
  "queryAllByDisplayValue": [Function],
  "queryAllByLabelText": [Function],
  "queryAllByPlaceholderText": [Function],
  "queryAllByRole": [Function],
  "queryAllByTestId": [Function],
  "queryAllByText": [Function],
  "queryAllByTitle": [Function],
  "queryByAltText": [Function],
  "queryByDisplayValue": [Function],
  "queryByLabelText": [Function],
  "queryByPlaceholderText": [Function],
  "queryByRole": [Function],
  "queryByTestId": [Function],
  "queryByText": [Function],
  "queryByTitle": [Function],
  "rerender": [Function],
  "unmount": [Function],
}
`;
