// Jest Snapshot v1, https://goo.gl/fbAQLP

exports[`RegisterForm Component Should match with snapshot 1`] = `
{
  "asFragment": [Function],
  "baseElement": <body>
    <div>
      <form
        data-testid="form-register"
      >
        <div
          class="MuiFormControl-root inputContainer css-1nrlq1o-MuiFormControl-root"
          data-testid="inputRHF"
        >
          <label
            class="inputLabel"
            for="fullName"
          >
            Nama Lengkap
            <input
              class="input undefined"
              id="fullName"
              name="fullName"
              type="text"
              value=""
            />
          </label>
        </div>
        <div
          class="MuiFormControl-root inputContainer css-1nrlq1o-MuiFormControl-root"
          data-testid="inputRHF"
        >
          <label
            class="inputLabel"
            for="phone"
          >
            Telp/No.Hp
            <input
              class="input undefined"
              id="phone"
              name="phone"
              type="number"
              value=""
            />
          </label>
        </div>
        <div
          class="MuiFormControl-root inputContainer css-1nrlq1o-MuiFormControl-root"
          data-testid="inputRHF"
        >
          <label
            class="inputLabel"
            for="password"
          >
            Kata Sandi
            <input
              class="input undefined"
              id="password"
              name="password"
              type="password"
              value=""
            />
          </label>
        </div>
        <div
          class="MuiFormControl-root inputContainer css-1nrlq1o-MuiFormControl-root"
          data-testid="inputRHF"
        >
          <label
            class="inputLabel"
            for="confirmPassword"
          >
            Konfirmasi Kata Sandi
            <input
              class="input undefined"
              id="confirmPassword"
              name="confirmPassword"
              type="password"
              value=""
            />
          </label>
          <label
            class="showPassword"
            for="show"
          >
            <input
              data-testid="button-show-pass"
              id="show"
              name="show"
              type="checkbox"
            />
            Tampilkan Kata Sandi
          </label>
        </div>
        <div
          class="buttonWrap"
        >
          <button
            class="buttonSubmit"
            data-testid="button-back"
            type="button"
          >
            Kembali
          </button>
          <button
            class="buttonSubmit"
            data-testid="button-submit"
            disabled=""
            type="submit"
          >
            Daftar
          </button>
        </div>
      </form>
    </div>
  </body>,
  "container": <div>
    <form
      data-testid="form-register"
    >
      <div
        class="MuiFormControl-root inputContainer css-1nrlq1o-MuiFormControl-root"
        data-testid="inputRHF"
      >
        <label
          class="inputLabel"
          for="fullName"
        >
          Nama Lengkap
          <input
            class="input undefined"
            id="fullName"
            name="fullName"
            type="text"
            value=""
          />
        </label>
      </div>
      <div
        class="MuiFormControl-root inputContainer css-1nrlq1o-MuiFormControl-root"
        data-testid="inputRHF"
      >
        <label
          class="inputLabel"
          for="phone"
        >
          Telp/No.Hp
          <input
            class="input undefined"
            id="phone"
            name="phone"
            type="number"
            value=""
          />
        </label>
      </div>
      <div
        class="MuiFormControl-root inputContainer css-1nrlq1o-MuiFormControl-root"
        data-testid="inputRHF"
      >
        <label
          class="inputLabel"
          for="password"
        >
          Kata Sandi
          <input
            class="input undefined"
            id="password"
            name="password"
            type="password"
            value=""
          />
        </label>
      </div>
      <div
        class="MuiFormControl-root inputContainer css-1nrlq1o-MuiFormControl-root"
        data-testid="inputRHF"
      >
        <label
          class="inputLabel"
          for="confirmPassword"
        >
          Konfirmasi Kata Sandi
          <input
            class="input undefined"
            id="confirmPassword"
            name="confirmPassword"
            type="password"
            value=""
          />
        </label>
        <label
          class="showPassword"
          for="show"
        >
          <input
            data-testid="button-show-pass"
            id="show"
            name="show"
            type="checkbox"
          />
          Tampilkan Kata Sandi
        </label>
      </div>
      <div
        class="buttonWrap"
      >
        <button
          class="buttonSubmit"
          data-testid="button-back"
          type="button"
        >
          Kembali
        </button>
        <button
          class="buttonSubmit"
          data-testid="button-submit"
          disabled=""
          type="submit"
        >
          Daftar
        </button>
      </div>
    </form>
  </div>,
  "debug": [Function],
  "findAllByAltText": [Function],
  "findAllByDisplayValue": [Function],
  "findAllByLabelText": [Function],
  "findAllByPlaceholderText": [Function],
  "findAllByRole": [Function],
  "findAllByTestId": [Function],
  "findAllByText": [Function],
  "findAllByTitle": [Function],
  "findByAltText": [Function],
  "findByDisplayValue": [Function],
  "findByLabelText": [Function],
  "findByPlaceholderText": [Function],
  "findByRole": [Function],
  "findByTestId": [Function],
  "findByText": [Function],
  "findByTitle": [Function],
  "getAllByAltText": [Function],
  "getAllByDisplayValue": [Function],
  "getAllByLabelText": [Function],
  "getAllByPlaceholderText": [Function],
  "getAllByRole": [Function],
  "getAllByTestId": [Function],
  "getAllByText": [Function],
  "getAllByTitle": [Function],
  "getByAltText": [Function],
  "getByDisplayValue": [Function],
  "getByLabelText": [Function],
  "getByPlaceholderText": [Function],
  "getByRole": [Function],
  "getByTestId": [Function],
  "getByText": [Function],
  "getByTitle": [Function],
  "queryAllByAltText": [Function],
  "queryAllByDisplayValue": [Function],
  "queryAllByLabelText": [Function],
  "queryAllByPlaceholderText": [Function],
  "queryAllByRole": [Function],
  "queryAllByTestId": [Function],
  "queryAllByText": [Function],
  "queryAllByTitle": [Function],
  "queryByAltText": [Function],
  "queryByDisplayValue": [Function],
  "queryByLabelText": [Function],
  "queryByPlaceholderText": [Function],
  "queryByRole": [Function],
  "queryByTestId": [Function],
  "queryByText": [Function],
  "queryByTitle": [Function],
  "rerender": [Function],
  "unmount": [Function],
}
`;
