// Jest Snapshot v1, https://goo.gl/fbAQLP

exports[`ForgotPassword Page Matches snapshot 1`] = `
{
  "asFragment": [Function],
  "baseElement": <body>
    <div>
      <main
        class="mainWrap"
      >
        <div
          class="logoHeader"
          data-testid="navigate-logo"
        >
          <img
            alt="logo"
            class="logo"
            src="longLogo.svg"
          />
        </div>
        <div
          class="forgotPasswordCard"
        >
          <h3
            class="forgotPasswordHeader"
          >
            Lupa Password
          </h3>
          <form
            class="form"
          >
            <div
              class="MuiFormControl-root inputContainer css-1nrlq1o-MuiFormControl-root"
              data-testid="inputRHF"
            >
              <label
                class="inputLabel"
                for="email"
              >
                Email
                <input
                  class="input undefined"
                  id="email"
                  name="email"
                  type="text"
                  value=""
                />
              </label>
            </div>
            <button
              class="buttonSubmit"
              data-testid="button-submit"
              disabled=""
              type="submit"
            >
              Lupa Password
            </button>
            <div
              class="formNav"
            >
              <p
                class="nav"
              >
                Punya akun? 
                <a
                  href="/login"
                >
                  Masuk
                </a>
              </p>
            </div>
          </form>
        </div>
      </main>
    </div>
  </body>,
  "container": <div>
    <main
      class="mainWrap"
    >
      <div
        class="logoHeader"
        data-testid="navigate-logo"
      >
        <img
          alt="logo"
          class="logo"
          src="longLogo.svg"
        />
      </div>
      <div
        class="forgotPasswordCard"
      >
        <h3
          class="forgotPasswordHeader"
        >
          Lupa Password
        </h3>
        <form
          class="form"
        >
          <div
            class="MuiFormControl-root inputContainer css-1nrlq1o-MuiFormControl-root"
            data-testid="inputRHF"
          >
            <label
              class="inputLabel"
              for="email"
            >
              Email
              <input
                class="input undefined"
                id="email"
                name="email"
                type="text"
                value=""
              />
            </label>
          </div>
          <button
            class="buttonSubmit"
            data-testid="button-submit"
            disabled=""
            type="submit"
          >
            Lupa Password
          </button>
          <div
            class="formNav"
          >
            <p
              class="nav"
            >
              Punya akun? 
              <a
                href="/login"
              >
                Masuk
              </a>
            </p>
          </div>
        </form>
      </div>
    </main>
  </div>,
  "debug": [Function],
  "findAllByAltText": [Function],
  "findAllByDisplayValue": [Function],
  "findAllByLabelText": [Function],
  "findAllByPlaceholderText": [Function],
  "findAllByRole": [Function],
  "findAllByTestId": [Function],
  "findAllByText": [Function],
  "findAllByTitle": [Function],
  "findByAltText": [Function],
  "findByDisplayValue": [Function],
  "findByLabelText": [Function],
  "findByPlaceholderText": [Function],
  "findByRole": [Function],
  "findByTestId": [Function],
  "findByText": [Function],
  "findByTitle": [Function],
  "getAllByAltText": [Function],
  "getAllByDisplayValue": [Function],
  "getAllByLabelText": [Function],
  "getAllByPlaceholderText": [Function],
  "getAllByRole": [Function],
  "getAllByTestId": [Function],
  "getAllByText": [Function],
  "getAllByTitle": [Function],
  "getByAltText": [Function],
  "getByDisplayValue": [Function],
  "getByLabelText": [Function],
  "getByPlaceholderText": [Function],
  "getByRole": [Function],
  "getByTestId": [Function],
  "getByText": [Function],
  "getByTitle": [Function],
  "queryAllByAltText": [Function],
  "queryAllByDisplayValue": [Function],
  "queryAllByLabelText": [Function],
  "queryAllByPlaceholderText": [Function],
  "queryAllByRole": [Function],
  "queryAllByTestId": [Function],
  "queryAllByText": [Function],
  "queryAllByTitle": [Function],
  "queryByAltText": [Function],
  "queryByDisplayValue": [Function],
  "queryByLabelText": [Function],
  "queryByPlaceholderText": [Function],
  "queryByRole": [Function],
  "queryByTestId": [Function],
  "queryByText": [Function],
  "queryByTitle": [Function],
  "rerender": [Function],
  "unmount": [Function],
}
`;
