// Jest Snapshot v1, https://goo.gl/fbAQLP

exports[`ChannelInner Should match with snapshot 1`] = `
{
  "asFragment": [Function],
  "baseElement": <body>
    <div>
      <div
        class="windowWrap"
        data-testid="window-wrap"
      >
        <div>
          <div
            class="headerChannelWrap str-chat__channel-header"
          >
            <button
              class="MuiButtonBase-root MuiIconButton-root MuiIconButton-sizeMedium hamburgerButton css-78trlr-MuiButtonBase-root-MuiIconButton-root"
              data-testid="open-menu"
              tabindex="0"
              type="button"
            >
              <svg
                aria-hidden="true"
                class="MuiSvgIcon-root MuiSvgIcon-fontSizeMedium css-i4bv87-MuiSvgIcon-root"
                data-testid="ArrowBackIosNewIcon"
                focusable="false"
                viewBox="0 0 24 24"
              >
                <path
                  d="M17.77 3.77 16 2 6 12l10 10 1.77-1.77L9.54 12z"
                />
              </svg>
              <span
                class="MuiTouchRipple-root css-8je8zh-MuiTouchRipple-root"
              />
            </button>
            <div />
          </div>
          <div />
          <div />
        </div>
        <div
          class="thread"
        >
          <div />
        </div>
      </div>
    </div>
  </body>,
  "container": <div>
    <div
      class="windowWrap"
      data-testid="window-wrap"
    >
      <div>
        <div
          class="headerChannelWrap str-chat__channel-header"
        >
          <button
            class="MuiButtonBase-root MuiIconButton-root MuiIconButton-sizeMedium hamburgerButton css-78trlr-MuiButtonBase-root-MuiIconButton-root"
            data-testid="open-menu"
            tabindex="0"
            type="button"
          >
            <svg
              aria-hidden="true"
              class="MuiSvgIcon-root MuiSvgIcon-fontSizeMedium css-i4bv87-MuiSvgIcon-root"
              data-testid="ArrowBackIosNewIcon"
              focusable="false"
              viewBox="0 0 24 24"
            >
              <path
                d="M17.77 3.77 16 2 6 12l10 10 1.77-1.77L9.54 12z"
              />
            </svg>
            <span
              class="MuiTouchRipple-root css-8je8zh-MuiTouchRipple-root"
            />
          </button>
          <div />
        </div>
        <div />
        <div />
      </div>
      <div
        class="thread"
      >
        <div />
      </div>
    </div>
  </div>,
  "debug": [Function],
  "findAllByAltText": [Function],
  "findAllByDisplayValue": [Function],
  "findAllByLabelText": [Function],
  "findAllByPlaceholderText": [Function],
  "findAllByRole": [Function],
  "findAllByTestId": [Function],
  "findAllByText": [Function],
  "findAllByTitle": [Function],
  "findByAltText": [Function],
  "findByDisplayValue": [Function],
  "findByLabelText": [Function],
  "findByPlaceholderText": [Function],
  "findByRole": [Function],
  "findByTestId": [Function],
  "findByText": [Function],
  "findByTitle": [Function],
  "getAllByAltText": [Function],
  "getAllByDisplayValue": [Function],
  "getAllByLabelText": [Function],
  "getAllByPlaceholderText": [Function],
  "getAllByRole": [Function],
  "getAllByTestId": [Function],
  "getAllByText": [Function],
  "getAllByTitle": [Function],
  "getByAltText": [Function],
  "getByDisplayValue": [Function],
  "getByLabelText": [Function],
  "getByPlaceholderText": [Function],
  "getByRole": [Function],
  "getByTestId": [Function],
  "getByText": [Function],
  "getByTitle": [Function],
  "queryAllByAltText": [Function],
  "queryAllByDisplayValue": [Function],
  "queryAllByLabelText": [Function],
  "queryAllByPlaceholderText": [Function],
  "queryAllByRole": [Function],
  "queryAllByTestId": [Function],
  "queryAllByText": [Function],
  "queryAllByTitle": [Function],
  "queryByAltText": [Function],
  "queryByDisplayValue": [Function],
  "queryByLabelText": [Function],
  "queryByPlaceholderText": [Function],
  "queryByRole": [Function],
  "queryByTestId": [Function],
  "queryByText": [Function],
  "queryByTitle": [Function],
  "rerender": [Function],
  "unmount": [Function],
}
`;
