// Jest Snapshot v1, https://goo.gl/fbAQLP

exports[`Login Page Matches snapshot 1`] = `
{
  "asFragment": [Function],
  "baseElement": <body>
    <div>
      <main
        class="main"
        data-testid="login-wrap"
      >
        <img
          alt="https://storyset.com"
          class="loginIlustration"
          src="login.svg"
        />
        <div
          class="content"
        >
          <div
            class="logoHeader"
            data-testid="button-logo"
          >
            <img
              alt="logo"
              class="logo"
              src="longLogo.svg"
            />
          </div>
          <div
            class="MuiPaper-root MuiPaper-elevation MuiPaper-rounded MuiPaper-elevation1 MuiCard-root loginCard css-bhp9pd-MuiPaper-root-MuiCard-root"
          >
            <div
              class="MuiCardContent-root css-46bh2p-MuiCardContent-root"
            >
              <div
                class="headerLogin"
              >
                <h3>
                  Masuk
                </h3>
                <b />
              </div>
              <form>
                <div
                  class="MuiFormControl-root inputContainer css-1nrlq1o-MuiFormControl-root"
                  data-testid="inputRHF"
                >
                  <label
                    class="inputLabel"
                    for="email"
                  >
                    Email
                    <input
                      class="input undefined"
                      id="email"
                      name="email"
                      type="text"
                      value=""
                    />
                  </label>
                </div>
                <div
                  class="MuiFormControl-root inputContainer css-1nrlq1o-MuiFormControl-root"
                  data-testid="inputRHF"
                >
                  <label
                    class="inputLabel"
                    for="password"
                  >
                    Kata Sandi
                    <input
                      class="input undefined"
                      id="password"
                      name="password"
                      type="password"
                      value=""
                    />
                  </label>
                  <label
                    class="showPassword"
                    for="show"
                  >
                    <input
                      data-testid="button-show"
                      id="show"
                      name="show"
                      type="checkbox"
                    />
                    Tampilkan Kata Sandi
                  </label>
                </div>
                <p
                  class="nav"
                >
                  Lupa Password
                   ?
                  <b />
                </p>
                <button
                  class="buttonSubmit"
                  data-testid="button-submit"
                  disabled=""
                  type="submit"
                >
                  Masuk
                </button>
              </form>
              <p
                class="or"
              >
                atau masuk dengan
              </p>
              <button
                class="MuiButtonBase-root MuiButton-root MuiButton-outlined MuiButton-outlinedPrimary MuiButton-sizeMedium MuiButton-outlinedSizeMedium MuiButton-fullWidth MuiButton-root MuiButton-outlined MuiButton-outlinedPrimary MuiButton-sizeMedium MuiButton-outlinedSizeMedium MuiButton-fullWidth buttonGoogle css-xsqe0f-MuiButtonBase-root-MuiButton-root"
                data-testid="button-google"
                tabindex="0"
                type="button"
              >
                <span
                  class="MuiButton-startIcon MuiButton-iconSizeMedium css-1d6wzja-MuiButton-startIcon"
                >
                  <svg
                    aria-hidden="true"
                    class="MuiSvgIcon-root MuiSvgIcon-fontSizeMedium css-i4bv87-MuiSvgIcon-root"
                    data-testid="GoogleIcon"
                    focusable="false"
                    viewBox="0 0 24 24"
                  >
                    <path
                      d="M12.545,10.239v3.821h5.445c-0.712,2.315-2.647,3.972-5.445,3.972c-3.332,0-6.033-2.701-6.033-6.032s2.701-6.032,6.033-6.032c1.498,0,2.866,0.549,3.921,1.453l2.814-2.814C17.503,2.988,15.139,2,12.545,2C7.021,2,2.543,6.477,2.543,12s4.478,10,10.002,10c8.396,0,10.249-7.85,9.426-11.748L12.545,10.239z"
                    />
                  </svg>
                </span>
                Google
                <span
                  class="MuiTouchRipple-root css-8je8zh-MuiTouchRipple-root"
                />
              </button>
            </div>
          </div>
          <a
            class="storySet"
            href="https://storyset.com/web"
          >
            Web illustrations by Storyset
          </a>
        </div>
      </main>
    </div>
  </body>,
  "container": <div>
    <main
      class="main"
      data-testid="login-wrap"
    >
      <img
        alt="https://storyset.com"
        class="loginIlustration"
        src="login.svg"
      />
      <div
        class="content"
      >
        <div
          class="logoHeader"
          data-testid="button-logo"
        >
          <img
            alt="logo"
            class="logo"
            src="longLogo.svg"
          />
        </div>
        <div
          class="MuiPaper-root MuiPaper-elevation MuiPaper-rounded MuiPaper-elevation1 MuiCard-root loginCard css-bhp9pd-MuiPaper-root-MuiCard-root"
        >
          <div
            class="MuiCardContent-root css-46bh2p-MuiCardContent-root"
          >
            <div
              class="headerLogin"
            >
              <h3>
                Masuk
              </h3>
              <b />
            </div>
            <form>
              <div
                class="MuiFormControl-root inputContainer css-1nrlq1o-MuiFormControl-root"
                data-testid="inputRHF"
              >
                <label
                  class="inputLabel"
                  for="email"
                >
                  Email
                  <input
                    class="input undefined"
                    id="email"
                    name="email"
                    type="text"
                    value=""
                  />
                </label>
              </div>
              <div
                class="MuiFormControl-root inputContainer css-1nrlq1o-MuiFormControl-root"
                data-testid="inputRHF"
              >
                <label
                  class="inputLabel"
                  for="password"
                >
                  Kata Sandi
                  <input
                    class="input undefined"
                    id="password"
                    name="password"
                    type="password"
                    value=""
                  />
                </label>
                <label
                  class="showPassword"
                  for="show"
                >
                  <input
                    data-testid="button-show"
                    id="show"
                    name="show"
                    type="checkbox"
                  />
                  Tampilkan Kata Sandi
                </label>
              </div>
              <p
                class="nav"
              >
                Lupa Password
                 ?
                <b />
              </p>
              <button
                class="buttonSubmit"
                data-testid="button-submit"
                disabled=""
                type="submit"
              >
                Masuk
              </button>
            </form>
            <p
              class="or"
            >
              atau masuk dengan
            </p>
            <button
              class="MuiButtonBase-root MuiButton-root MuiButton-outlined MuiButton-outlinedPrimary MuiButton-sizeMedium MuiButton-outlinedSizeMedium MuiButton-fullWidth MuiButton-root MuiButton-outlined MuiButton-outlinedPrimary MuiButton-sizeMedium MuiButton-outlinedSizeMedium MuiButton-fullWidth buttonGoogle css-xsqe0f-MuiButtonBase-root-MuiButton-root"
              data-testid="button-google"
              tabindex="0"
              type="button"
            >
              <span
                class="MuiButton-startIcon MuiButton-iconSizeMedium css-1d6wzja-MuiButton-startIcon"
              >
                <svg
                  aria-hidden="true"
                  class="MuiSvgIcon-root MuiSvgIcon-fontSizeMedium css-i4bv87-MuiSvgIcon-root"
                  data-testid="GoogleIcon"
                  focusable="false"
                  viewBox="0 0 24 24"
                >
                  <path
                    d="M12.545,10.239v3.821h5.445c-0.712,2.315-2.647,3.972-5.445,3.972c-3.332,0-6.033-2.701-6.033-6.032s2.701-6.032,6.033-6.032c1.498,0,2.866,0.549,3.921,1.453l2.814-2.814C17.503,2.988,15.139,2,12.545,2C7.021,2,2.543,6.477,2.543,12s4.478,10,10.002,10c8.396,0,10.249-7.85,9.426-11.748L12.545,10.239z"
                  />
                </svg>
              </span>
              Google
              <span
                class="MuiTouchRipple-root css-8je8zh-MuiTouchRipple-root"
              />
            </button>
          </div>
        </div>
        <a
          class="storySet"
          href="https://storyset.com/web"
        >
          Web illustrations by Storyset
        </a>
      </div>
    </main>
  </div>,
  "debug": [Function],
  "findAllByAltText": [Function],
  "findAllByDisplayValue": [Function],
  "findAllByLabelText": [Function],
  "findAllByPlaceholderText": [Function],
  "findAllByRole": [Function],
  "findAllByTestId": [Function],
  "findAllByText": [Function],
  "findAllByTitle": [Function],
  "findByAltText": [Function],
  "findByDisplayValue": [Function],
  "findByLabelText": [Function],
  "findByPlaceholderText": [Function],
  "findByRole": [Function],
  "findByTestId": [Function],
  "findByText": [Function],
  "findByTitle": [Function],
  "getAllByAltText": [Function],
  "getAllByDisplayValue": [Function],
  "getAllByLabelText": [Function],
  "getAllByPlaceholderText": [Function],
  "getAllByRole": [Function],
  "getAllByTestId": [Function],
  "getAllByText": [Function],
  "getAllByTitle": [Function],
  "getByAltText": [Function],
  "getByDisplayValue": [Function],
  "getByLabelText": [Function],
  "getByPlaceholderText": [Function],
  "getByRole": [Function],
  "getByTestId": [Function],
  "getByText": [Function],
  "getByTitle": [Function],
  "queryAllByAltText": [Function],
  "queryAllByDisplayValue": [Function],
  "queryAllByLabelText": [Function],
  "queryAllByPlaceholderText": [Function],
  "queryAllByRole": [Function],
  "queryAllByTestId": [Function],
  "queryAllByText": [Function],
  "queryAllByTitle": [Function],
  "queryByAltText": [Function],
  "queryByDisplayValue": [Function],
  "queryByLabelText": [Function],
  "queryByPlaceholderText": [Function],
  "queryByRole": [Function],
  "queryByTestId": [Function],
  "queryByText": [Function],
  "queryByTitle": [Function],
  "rerender": [Function],
  "unmount": [Function],
}
`;
