// Jest Snapshot v1, https://goo.gl/fbAQLP

exports[`RegisterRole Component Should match with snapshot 1`] = `
{
  "asFragment": [Function],
  "baseElement": <body>
    <div>
      <form
        data-testid="register-role"
      >
        <div
          class="MuiFormGroup-root css-dmmspl-MuiFormGroup-root"
        >
          <p
            class="labelRole"
          >
            Daftar sebagai 
          </p>
          <div
            class="MuiToggleButtonGroup-root MuiToggleButtonGroup-fullWidth toggleRole css-mgs850-MuiToggleButtonGroup-root"
            data-testid="role"
            role="group"
          >
            <button
              aria-pressed="false"
              class="MuiButtonBase-root MuiToggleButton-root MuiToggleButton-fullWidth MuiToggleButton-sizeSmall MuiToggleButton-standard MuiToggleButtonGroup-grouped MuiToggleButtonGroup-groupedHorizontal css-x7mo1m-MuiButtonBase-root-MuiToggleButton-root"
              data-testid="button-role-user"
              tabindex="0"
              type="button"
              value="user"
            >
              <svg
                aria-hidden="true"
                class="MuiSvgIcon-root MuiSvgIcon-fontSizeMedium css-i4bv87-MuiSvgIcon-root"
                data-testid="AccountBoxIcon"
                focusable="false"
                viewBox="0 0 24 24"
              >
                <path
                  d="M19 3H5c-1.1 0-2 .9-2 2v14c0 1.1.9 2 2 2h14c1.1 0 2-.9 2-2V5c0-1.1-.9-2-2-2zm-7 3c1.93 0 3.5 1.57 3.5 3.5S13.93 13 12 13s-3.5-1.57-3.5-3.5S10.07 6 12 6zm7 13H5v-.23c0-.62.28-1.2.76-1.58C7.47 15.82 9.64 15 12 15s4.53.82 6.24 2.19c.48.38.76.97.76 1.58V19z"
                />
              </svg>
               
              Pengguna
              <span
                class="MuiTouchRipple-root css-8je8zh-MuiTouchRipple-root"
              />
            </button>
            <button
              aria-pressed="true"
              class="MuiButtonBase-root MuiToggleButton-root Mui-selected MuiToggleButton-fullWidth MuiToggleButton-sizeSmall MuiToggleButton-standard MuiToggleButtonGroup-grouped MuiToggleButtonGroup-groupedHorizontal css-x7mo1m-MuiButtonBase-root-MuiToggleButton-root"
              data-testid="button-role-merchant"
              tabindex="0"
              type="button"
              value="merchant"
            >
              <svg
                aria-hidden="true"
                class="MuiSvgIcon-root MuiSvgIcon-fontSizeMedium css-i4bv87-MuiSvgIcon-root"
                data-testid="LocalLaundryServiceIcon"
                focusable="false"
                viewBox="0 0 24 24"
              >
                <path
                  d="M9.17 16.83c1.56 1.56 4.1 1.56 5.66 0 1.56-1.56 1.56-4.1 0-5.66l-5.66 5.66zM18 2.01 6 2c-1.11 0-2 .89-2 2v16c0 1.11.89 2 2 2h12c1.11 0 2-.89 2-2V4c0-1.11-.89-1.99-2-1.99zM10 4c.55 0 1 .45 1 1s-.45 1-1 1-1-.45-1-1 .45-1 1-1zM7 4c.55 0 1 .45 1 1s-.45 1-1 1-1-.45-1-1 .45-1 1-1zm5 16c-3.31 0-6-2.69-6-6s2.69-6 6-6 6 2.69 6 6-2.69 6-6 6z"
                />
              </svg>
               Laundry
              <span
                class="MuiTouchRipple-root css-8je8zh-MuiTouchRipple-root"
              />
            </button>
          </div>
        </div>
        <h5
          class="merchantFormHeader"
        >
          Merchant Info
        </h5>
        <div
          class="MuiFormControl-root inputContainer css-1nrlq1o-MuiFormControl-root"
          data-testid="inputRHF"
        >
          <label
            class="inputLabel"
            for="name"
          >
            Nama Laundry
            <input
              class="input undefined"
              id="name"
              name="name"
              type="text"
              value=""
            />
          </label>
        </div>
        <div
          class="MuiFormControl-root MuiFormControl-fullWidth css-q8hpuo-MuiFormControl-root"
        >
          <div
            class="inputLabel"
          >
            Lokasi
            <div>
              MockMapLeaflet
            </div>
          </div>
        </div>
        <div
          class="MuiFormControl-root inputContainer css-1nrlq1o-MuiFormControl-root"
        >
          <label
            class="inputLabel"
            for="description"
          >
            Deskripsi
            <textarea
              class="inputTextArea undefined"
              data-testid="input-description"
              name="description"
            />
          </label>
        </div>
        <div
          class="buttonWrap"
        >
          <button
            class="buttonSubmit"
            type="button"
          >
            Kembali
          </button>
          <button
            class="buttonSubmit"
            data-testid="button-submit"
            disabled=""
            type="submit"
          >
            Lanjut
          </button>
        </div>
      </form>
    </div>
  </body>,
  "container": <div>
    <form
      data-testid="register-role"
    >
      <div
        class="MuiFormGroup-root css-dmmspl-MuiFormGroup-root"
      >
        <p
          class="labelRole"
        >
          Daftar sebagai 
        </p>
        <div
          class="MuiToggleButtonGroup-root MuiToggleButtonGroup-fullWidth toggleRole css-mgs850-MuiToggleButtonGroup-root"
          data-testid="role"
          role="group"
        >
          <button
            aria-pressed="false"
            class="MuiButtonBase-root MuiToggleButton-root MuiToggleButton-fullWidth MuiToggleButton-sizeSmall MuiToggleButton-standard MuiToggleButtonGroup-grouped MuiToggleButtonGroup-groupedHorizontal css-x7mo1m-MuiButtonBase-root-MuiToggleButton-root"
            data-testid="button-role-user"
            tabindex="0"
            type="button"
            value="user"
          >
            <svg
              aria-hidden="true"
              class="MuiSvgIcon-root MuiSvgIcon-fontSizeMedium css-i4bv87-MuiSvgIcon-root"
              data-testid="AccountBoxIcon"
              focusable="false"
              viewBox="0 0 24 24"
            >
              <path
                d="M19 3H5c-1.1 0-2 .9-2 2v14c0 1.1.9 2 2 2h14c1.1 0 2-.9 2-2V5c0-1.1-.9-2-2-2zm-7 3c1.93 0 3.5 1.57 3.5 3.5S13.93 13 12 13s-3.5-1.57-3.5-3.5S10.07 6 12 6zm7 13H5v-.23c0-.62.28-1.2.76-1.58C7.47 15.82 9.64 15 12 15s4.53.82 6.24 2.19c.48.38.76.97.76 1.58V19z"
              />
            </svg>
             
            Pengguna
            <span
              class="MuiTouchRipple-root css-8je8zh-MuiTouchRipple-root"
            />
          </button>
          <button
            aria-pressed="true"
            class="MuiButtonBase-root MuiToggleButton-root Mui-selected MuiToggleButton-fullWidth MuiToggleButton-sizeSmall MuiToggleButton-standard MuiToggleButtonGroup-grouped MuiToggleButtonGroup-groupedHorizontal css-x7mo1m-MuiButtonBase-root-MuiToggleButton-root"
            data-testid="button-role-merchant"
            tabindex="0"
            type="button"
            value="merchant"
          >
            <svg
              aria-hidden="true"
              class="MuiSvgIcon-root MuiSvgIcon-fontSizeMedium css-i4bv87-MuiSvgIcon-root"
              data-testid="LocalLaundryServiceIcon"
              focusable="false"
              viewBox="0 0 24 24"
            >
              <path
                d="M9.17 16.83c1.56 1.56 4.1 1.56 5.66 0 1.56-1.56 1.56-4.1 0-5.66l-5.66 5.66zM18 2.01 6 2c-1.11 0-2 .89-2 2v16c0 1.11.89 2 2 2h12c1.11 0 2-.89 2-2V4c0-1.11-.89-1.99-2-1.99zM10 4c.55 0 1 .45 1 1s-.45 1-1 1-1-.45-1-1 .45-1 1-1zM7 4c.55 0 1 .45 1 1s-.45 1-1 1-1-.45-1-1 .45-1 1-1zm5 16c-3.31 0-6-2.69-6-6s2.69-6 6-6 6 2.69 6 6-2.69 6-6 6z"
              />
            </svg>
             Laundry
            <span
              class="MuiTouchRipple-root css-8je8zh-MuiTouchRipple-root"
            />
          </button>
        </div>
      </div>
      <h5
        class="merchantFormHeader"
      >
        Merchant Info
      </h5>
      <div
        class="MuiFormControl-root inputContainer css-1nrlq1o-MuiFormControl-root"
        data-testid="inputRHF"
      >
        <label
          class="inputLabel"
          for="name"
        >
          Nama Laundry
          <input
            class="input undefined"
            id="name"
            name="name"
            type="text"
            value=""
          />
        </label>
      </div>
      <div
        class="MuiFormControl-root MuiFormControl-fullWidth css-q8hpuo-MuiFormControl-root"
      >
        <div
          class="inputLabel"
        >
          Lokasi
          <div>
            MockMapLeaflet
          </div>
        </div>
      </div>
      <div
        class="MuiFormControl-root inputContainer css-1nrlq1o-MuiFormControl-root"
      >
        <label
          class="inputLabel"
          for="description"
        >
          Deskripsi
          <textarea
            class="inputTextArea undefined"
            data-testid="input-description"
            name="description"
          />
        </label>
      </div>
      <div
        class="buttonWrap"
      >
        <button
          class="buttonSubmit"
          type="button"
        >
          Kembali
        </button>
        <button
          class="buttonSubmit"
          data-testid="button-submit"
          disabled=""
          type="submit"
        >
          Lanjut
        </button>
      </div>
    </form>
  </div>,
  "debug": [Function],
  "findAllByAltText": [Function],
  "findAllByDisplayValue": [Function],
  "findAllByLabelText": [Function],
  "findAllByPlaceholderText": [Function],
  "findAllByRole": [Function],
  "findAllByTestId": [Function],
  "findAllByText": [Function],
  "findAllByTitle": [Function],
  "findByAltText": [Function],
  "findByDisplayValue": [Function],
  "findByLabelText": [Function],
  "findByPlaceholderText": [Function],
  "findByRole": [Function],
  "findByTestId": [Function],
  "findByText": [Function],
  "findByTitle": [Function],
  "getAllByAltText": [Function],
  "getAllByDisplayValue": [Function],
  "getAllByLabelText": [Function],
  "getAllByPlaceholderText": [Function],
  "getAllByRole": [Function],
  "getAllByTestId": [Function],
  "getAllByText": [Function],
  "getAllByTitle": [Function],
  "getByAltText": [Function],
  "getByDisplayValue": [Function],
  "getByLabelText": [Function],
  "getByPlaceholderText": [Function],
  "getByRole": [Function],
  "getByTestId": [Function],
  "getByText": [Function],
  "getByTitle": [Function],
  "queryAllByAltText": [Function],
  "queryAllByDisplayValue": [Function],
  "queryAllByLabelText": [Function],
  "queryAllByPlaceholderText": [Function],
  "queryAllByRole": [Function],
  "queryAllByTestId": [Function],
  "queryAllByText": [Function],
  "queryAllByTitle": [Function],
  "queryByAltText": [Function],
  "queryByDisplayValue": [Function],
  "queryByLabelText": [Function],
  "queryByPlaceholderText": [Function],
  "queryByRole": [Function],
  "queryByTestId": [Function],
  "queryByText": [Function],
  "queryByTitle": [Function],
  "rerender": [Function],
  "unmount": [Function],
}
`;
