// Jest Snapshot v1, https://goo.gl/fbAQLP

exports[`VerifyEmail Component with verified email Matches snapshot 1`] = `
{
  "asFragment": [Function],
  "baseElement": <body>
    <div>
      <form
        class="form"
        data-testid="verify-email-form"
      >
        <div
          class="MuiFormControl-root inputContainer css-1nrlq1o-MuiFormControl-root"
          data-testid="inputRHF"
        >
          <label
            class="inputLabel"
            for="email"
          >
            Email
            <input
              class="input undefined"
              id="email"
              name="email"
              type="text"
              value="test@example.com"
            />
          </label>
        </div>
        <button
          class="buttonSubmit"
          data-testid="submit-button"
          type="submit"
        >
          Lanjut
        </button>
      </form>
    </div>
  </body>,
  "container": <div>
    <form
      class="form"
      data-testid="verify-email-form"
    >
      <div
        class="MuiFormControl-root inputContainer css-1nrlq1o-MuiFormControl-root"
        data-testid="inputRHF"
      >
        <label
          class="inputLabel"
          for="email"
        >
          Email
          <input
            class="input undefined"
            id="email"
            name="email"
            type="text"
            value="test@example.com"
          />
        </label>
      </div>
      <button
        class="buttonSubmit"
        data-testid="submit-button"
        type="submit"
      >
        Lanjut
      </button>
    </form>
  </div>,
  "debug": [Function],
  "findAllByAltText": [Function],
  "findAllByDisplayValue": [Function],
  "findAllByLabelText": [Function],
  "findAllByPlaceholderText": [Function],
  "findAllByRole": [Function],
  "findAllByTestId": [Function],
  "findAllByText": [Function],
  "findAllByTitle": [Function],
  "findByAltText": [Function],
  "findByDisplayValue": [Function],
  "findByLabelText": [Function],
  "findByPlaceholderText": [Function],
  "findByRole": [Function],
  "findByTestId": [Function],
  "findByText": [Function],
  "findByTitle": [Function],
  "getAllByAltText": [Function],
  "getAllByDisplayValue": [Function],
  "getAllByLabelText": [Function],
  "getAllByPlaceholderText": [Function],
  "getAllByRole": [Function],
  "getAllByTestId": [Function],
  "getAllByText": [Function],
  "getAllByTitle": [Function],
  "getByAltText": [Function],
  "getByDisplayValue": [Function],
  "getByLabelText": [Function],
  "getByPlaceholderText": [Function],
  "getByRole": [Function],
  "getByTestId": [Function],
  "getByText": [Function],
  "getByTitle": [Function],
  "queryAllByAltText": [Function],
  "queryAllByDisplayValue": [Function],
  "queryAllByLabelText": [Function],
  "queryAllByPlaceholderText": [Function],
  "queryAllByRole": [Function],
  "queryAllByTestId": [Function],
  "queryAllByText": [Function],
  "queryAllByTitle": [Function],
  "queryByAltText": [Function],
  "queryByDisplayValue": [Function],
  "queryByLabelText": [Function],
  "queryByPlaceholderText": [Function],
  "queryByRole": [Function],
  "queryByTestId": [Function],
  "queryByText": [Function],
  "queryByTitle": [Function],
  "rerender": [Function],
  "unmount": [Function],
}
`;
