// Jest Snapshot v1, https://goo.gl/fbAQLP

exports[`Order Page Matches snapshot 1`] = `
{
  "asFragment": [Function],
  "baseElement": <body>
    <div>
      <main
        class="mainWrap"
        data-testid="status-order"
      >
        <div
          class="header"
        >
          <h3>
            Detail pesanan
          </h3>
          <button
            class="MuiButtonBase-root MuiButton-root MuiButton-contained MuiButton-containedPrimary MuiButton-sizeMedium MuiButton-containedSizeMedium MuiButton-root MuiButton-contained MuiButton-containedPrimary MuiButton-sizeMedium MuiButton-containedSizeMedium backButton css-sghohy-MuiButtonBase-root-MuiButton-root"
            data-testid="button-back"
            tabindex="0"
            type="button"
          >
            <span
              class="MuiButton-startIcon MuiButton-iconSizeMedium css-1d6wzja-MuiButton-startIcon"
            >
              <svg
                aria-hidden="true"
                class="MuiSvgIcon-root MuiSvgIcon-fontSizeMedium css-i4bv87-MuiSvgIcon-root"
                data-testid="ArrowBackIcon"
                focusable="false"
                viewBox="0 0 24 24"
              >
                <path
                  d="M20 11H7.83l5.59-5.59L12 4l-8 8 8 8 1.41-1.41L7.83 13H20v-2z"
                />
              </svg>
            </span>
            Kembali
            <span
              class="MuiTouchRipple-root css-8je8zh-MuiTouchRipple-root"
            />
          </button>
        </div>
        <div
          class="MuiPaper-root MuiPaper-elevation MuiPaper-rounded MuiPaper-elevation1 MuiCard-root card css-bhp9pd-MuiPaper-root-MuiCard-root"
        >
          <div
            class="MuiCardContent-root css-46bh2p-MuiCardContent-root"
          >
            <div
              class="field"
            >
              <p
                class="label"
              >
                Id Pesanan
              </p>
              <p
                class="text"
              >
                2
              </p>
            </div>
            <div
              class="field"
            >
              <p
                class="label"
              >
                Harga Total
              </p>
              <p
                class="text"
              >
                Rp 2.000
              </p>
            </div>
            <div
              class="field"
            >
              <p
                class="label"
              >
                Status
              </p>
              <p
                class="text"
              >
                Ditunda
              </p>
            </div>
            <div
              class="service"
            >
              <svg
                aria-hidden="true"
                class="MuiSvgIcon-root MuiSvgIcon-fontSizeMedium css-i4bv87-MuiSvgIcon-root"
                data-testid="DryCleaningIcon"
                focusable="false"
                viewBox="0 0 24 24"
              >
                <path
                  d="M19.56 11.36 13 8.44V7c0-.55-.45-1-1-1s-1-.45-1-1 .45-1 1-1 1 .45 1 1h2c0-1.84-1.66-3.3-3.56-2.95-1.18.22-2.15 1.17-2.38 2.35-.3 1.56.6 2.94 1.94 3.42v.63l-6.56 2.92c-.88.38-1.44 1.25-1.44 2.2v.01C3 14.92 4.08 16 5.42 16H7v6h10v-6h1.58c1.34 0 2.42-1.08 2.42-2.42v-.01c0-.95-.56-1.82-1.44-2.21zM18.58 14H17v-1H7v1H5.42c-.23 0-.42-.19-.42-.43 0-.17.1-.32.25-.38l6.75-3 6.75 3c.15.07.25.22.25.39 0 .23-.19.42-.42.42z"
                />
              </svg>
              <div
                class="serviceInfoWrap"
              >
                <hr />
                <div
                  class="serviceInfo"
                >
                  <div
                    class="name"
                  >
                    <p>
                      reguler
                       x 
                    </p>
                    <p
                      class="type"
                    >
                      Tipe  
                      Satuan
                    </p>
                  </div>
                  <p>
                    RpNaN
                  </p>
                </div>
                <hr />
              </div>
            </div>
            <div
              class="field"
            >
              <p
                class="label"
              >
                Lokasi
              </p>
            </div>
            <div />
            <button
              class="MuiButtonBase-root MuiButton-root MuiButton-contained MuiButton-containedPrimary MuiButton-sizeMedium MuiButton-containedSizeMedium MuiButton-root MuiButton-contained MuiButton-containedPrimary MuiButton-sizeMedium MuiButton-containedSizeMedium cancelButton css-sghohy-MuiButtonBase-root-MuiButton-root"
              data-testid="button-cancel"
              tabindex="0"
              type="button"
            >
              <span
                class="MuiButton-startIcon MuiButton-iconSizeMedium css-1d6wzja-MuiButton-startIcon"
              >
                <svg
                  aria-hidden="true"
                  class="MuiSvgIcon-root MuiSvgIcon-fontSizeMedium css-i4bv87-MuiSvgIcon-root"
                  data-testid="DoNotDisturbIcon"
                  focusable="false"
                  viewBox="0 0 24 24"
                >
                  <path
                    d="M12 2C6.48 2 2 6.48 2 12s4.48 10 10 10 10-4.48 10-10S17.52 2 12 2zm0 18c-4.42 0-8-3.58-8-8 0-1.85.63-3.55 1.69-4.9L16.9 18.31C15.55 19.37 13.85 20 12 20zm6.31-3.1L7.1 5.69C8.45 4.63 10.15 4 12 4c4.42 0 8 3.58 8 8 0 1.85-.63 3.55-1.69 4.9z"
                  />
                </svg>
              </span>
              Batalkan
              <span
                class="MuiTouchRipple-root css-8je8zh-MuiTouchRipple-root"
              />
            </button>
          </div>
        </div>
      </main>
    </div>
  </body>,
  "container": <div>
    <main
      class="mainWrap"
      data-testid="status-order"
    >
      <div
        class="header"
      >
        <h3>
          Detail pesanan
        </h3>
        <button
          class="MuiButtonBase-root MuiButton-root MuiButton-contained MuiButton-containedPrimary MuiButton-sizeMedium MuiButton-containedSizeMedium MuiButton-root MuiButton-contained MuiButton-containedPrimary MuiButton-sizeMedium MuiButton-containedSizeMedium backButton css-sghohy-MuiButtonBase-root-MuiButton-root"
          data-testid="button-back"
          tabindex="0"
          type="button"
        >
          <span
            class="MuiButton-startIcon MuiButton-iconSizeMedium css-1d6wzja-MuiButton-startIcon"
          >
            <svg
              aria-hidden="true"
              class="MuiSvgIcon-root MuiSvgIcon-fontSizeMedium css-i4bv87-MuiSvgIcon-root"
              data-testid="ArrowBackIcon"
              focusable="false"
              viewBox="0 0 24 24"
            >
              <path
                d="M20 11H7.83l5.59-5.59L12 4l-8 8 8 8 1.41-1.41L7.83 13H20v-2z"
              />
            </svg>
          </span>
          Kembali
          <span
            class="MuiTouchRipple-root css-8je8zh-MuiTouchRipple-root"
          />
        </button>
      </div>
      <div
        class="MuiPaper-root MuiPaper-elevation MuiPaper-rounded MuiPaper-elevation1 MuiCard-root card css-bhp9pd-MuiPaper-root-MuiCard-root"
      >
        <div
          class="MuiCardContent-root css-46bh2p-MuiCardContent-root"
        >
          <div
            class="field"
          >
            <p
              class="label"
            >
              Id Pesanan
            </p>
            <p
              class="text"
            >
              2
            </p>
          </div>
          <div
            class="field"
          >
            <p
              class="label"
            >
              Harga Total
            </p>
            <p
              class="text"
            >
              Rp 2.000
            </p>
          </div>
          <div
            class="field"
          >
            <p
              class="label"
            >
              Status
            </p>
            <p
              class="text"
            >
              Ditunda
            </p>
          </div>
          <div
            class="service"
          >
            <svg
              aria-hidden="true"
              class="MuiSvgIcon-root MuiSvgIcon-fontSizeMedium css-i4bv87-MuiSvgIcon-root"
              data-testid="DryCleaningIcon"
              focusable="false"
              viewBox="0 0 24 24"
            >
              <path
                d="M19.56 11.36 13 8.44V7c0-.55-.45-1-1-1s-1-.45-1-1 .45-1 1-1 1 .45 1 1h2c0-1.84-1.66-3.3-3.56-2.95-1.18.22-2.15 1.17-2.38 2.35-.3 1.56.6 2.94 1.94 3.42v.63l-6.56 2.92c-.88.38-1.44 1.25-1.44 2.2v.01C3 14.92 4.08 16 5.42 16H7v6h10v-6h1.58c1.34 0 2.42-1.08 2.42-2.42v-.01c0-.95-.56-1.82-1.44-2.21zM18.58 14H17v-1H7v1H5.42c-.23 0-.42-.19-.42-.43 0-.17.1-.32.25-.38l6.75-3 6.75 3c.15.07.25.22.25.39 0 .23-.19.42-.42.42z"
              />
            </svg>
            <div
              class="serviceInfoWrap"
            >
              <hr />
              <div
                class="serviceInfo"
              >
                <div
                  class="name"
                >
                  <p>
                    reguler
                     x 
                  </p>
                  <p
                    class="type"
                  >
                    Tipe  
                    Satuan
                  </p>
                </div>
                <p>
                  RpNaN
                </p>
              </div>
              <hr />
            </div>
          </div>
          <div
            class="field"
          >
            <p
              class="label"
            >
              Lokasi
            </p>
          </div>
          <div />
          <button
            class="MuiButtonBase-root MuiButton-root MuiButton-contained MuiButton-containedPrimary MuiButton-sizeMedium MuiButton-containedSizeMedium MuiButton-root MuiButton-contained MuiButton-containedPrimary MuiButton-sizeMedium MuiButton-containedSizeMedium cancelButton css-sghohy-MuiButtonBase-root-MuiButton-root"
            data-testid="button-cancel"
            tabindex="0"
            type="button"
          >
            <span
              class="MuiButton-startIcon MuiButton-iconSizeMedium css-1d6wzja-MuiButton-startIcon"
            >
              <svg
                aria-hidden="true"
                class="MuiSvgIcon-root MuiSvgIcon-fontSizeMedium css-i4bv87-MuiSvgIcon-root"
                data-testid="DoNotDisturbIcon"
                focusable="false"
                viewBox="0 0 24 24"
              >
                <path
                  d="M12 2C6.48 2 2 6.48 2 12s4.48 10 10 10 10-4.48 10-10S17.52 2 12 2zm0 18c-4.42 0-8-3.58-8-8 0-1.85.63-3.55 1.69-4.9L16.9 18.31C15.55 19.37 13.85 20 12 20zm6.31-3.1L7.1 5.69C8.45 4.63 10.15 4 12 4c4.42 0 8 3.58 8 8 0 1.85-.63 3.55-1.69 4.9z"
                />
              </svg>
            </span>
            Batalkan
            <span
              class="MuiTouchRipple-root css-8je8zh-MuiTouchRipple-root"
            />
          </button>
        </div>
      </div>
    </main>
  </div>,
  "debug": [Function],
  "findAllByAltText": [Function],
  "findAllByDisplayValue": [Function],
  "findAllByLabelText": [Function],
  "findAllByPlaceholderText": [Function],
  "findAllByRole": [Function],
  "findAllByTestId": [Function],
  "findAllByText": [Function],
  "findAllByTitle": [Function],
  "findByAltText": [Function],
  "findByDisplayValue": [Function],
  "findByLabelText": [Function],
  "findByPlaceholderText": [Function],
  "findByRole": [Function],
  "findByTestId": [Function],
  "findByText": [Function],
  "findByTitle": [Function],
  "getAllByAltText": [Function],
  "getAllByDisplayValue": [Function],
  "getAllByLabelText": [Function],
  "getAllByPlaceholderText": [Function],
  "getAllByRole": [Function],
  "getAllByTestId": [Function],
  "getAllByText": [Function],
  "getAllByTitle": [Function],
  "getByAltText": [Function],
  "getByDisplayValue": [Function],
  "getByLabelText": [Function],
  "getByPlaceholderText": [Function],
  "getByRole": [Function],
  "getByTestId": [Function],
  "getByText": [Function],
  "getByTitle": [Function],
  "queryAllByAltText": [Function],
  "queryAllByDisplayValue": [Function],
  "queryAllByLabelText": [Function],
  "queryAllByPlaceholderText": [Function],
  "queryAllByRole": [Function],
  "queryAllByTestId": [Function],
  "queryAllByText": [Function],
  "queryAllByTitle": [Function],
  "queryByAltText": [Function],
  "queryByDisplayValue": [Function],
  "queryByLabelText": [Function],
  "queryByPlaceholderText": [Function],
  "queryByRole": [Function],
  "queryByTestId": [Function],
  "queryByText": [Function],
  "queryByTitle": [Function],
  "rerender": [Function],
  "unmount": [Function],
}
`;
