// Jest Snapshot v1, https://goo.gl/fbAQLP

exports[`ResetPassword Page login false Matches snapshot 1`] = `
{
  "asFragment": [Function],
  "baseElement": <body>
    <div>
      <main
        class="mainWrap"
        data-testid="reset-password-page"
      >
        <div
          class="logoHeader"
          data-testid="logo"
        >
          <img
            alt="logo"
            class="logo"
            src="../../longLogo.svg"
          />
        </div>
        <div
          class="forgotPasswordCard"
        >
          <h2
            class="forgotPasswordHeader"
          >
            Reset kata Sandi
          </h2>
          <form
            class="form"
          >
            <div
              class="MuiFormControl-root inputContainer css-1nrlq1o-MuiFormControl-root"
              data-testid="inputRHF"
            >
              <label
                class="inputLabel"
                for="new_password"
              >
                Kata Sandi Baru
                <input
                  class="input undefined"
                  id="new_password"
                  name="new_password"
                  type="password"
                  value=""
                />
              </label>
            </div>
            <div
              class="MuiFormControl-root inputContainer css-1nrlq1o-MuiFormControl-root"
              data-testid="inputRHF"
            >
              <label
                class="inputLabel"
                for="confirmPassword"
              >
                Konfirmasi Kata Sandi
                <input
                  class="input undefined"
                  id="confirmPassword"
                  name="confirmPassword"
                  type="password"
                  value=""
                />
              </label>
              <label
                class="showPassword"
                for="show"
              >
                <input
                  data-testid="button-show-pass"
                  id="show"
                  name="show"
                  type="checkbox"
                />
                Tampilkan Kata Sandi
              </label>
            </div>
            <button
              class="buttonSubmit"
              data-testid="button-submit"
              disabled=""
              type="submit"
            >
              Reset kata Sandi
            </button>
            <div
              class="formNav"
            >
              <p
                class="nav"
              >
                Punya akun? 
                <b />
              </p>
            </div>
          </form>
        </div>
      </main>
    </div>
  </body>,
  "container": <div>
    <main
      class="mainWrap"
      data-testid="reset-password-page"
    >
      <div
        class="logoHeader"
        data-testid="logo"
      >
        <img
          alt="logo"
          class="logo"
          src="../../longLogo.svg"
        />
      </div>
      <div
        class="forgotPasswordCard"
      >
        <h2
          class="forgotPasswordHeader"
        >
          Reset kata Sandi
        </h2>
        <form
          class="form"
        >
          <div
            class="MuiFormControl-root inputContainer css-1nrlq1o-MuiFormControl-root"
            data-testid="inputRHF"
          >
            <label
              class="inputLabel"
              for="new_password"
            >
              Kata Sandi Baru
              <input
                class="input undefined"
                id="new_password"
                name="new_password"
                type="password"
                value=""
              />
            </label>
          </div>
          <div
            class="MuiFormControl-root inputContainer css-1nrlq1o-MuiFormControl-root"
            data-testid="inputRHF"
          >
            <label
              class="inputLabel"
              for="confirmPassword"
            >
              Konfirmasi Kata Sandi
              <input
                class="input undefined"
                id="confirmPassword"
                name="confirmPassword"
                type="password"
                value=""
              />
            </label>
            <label
              class="showPassword"
              for="show"
            >
              <input
                data-testid="button-show-pass"
                id="show"
                name="show"
                type="checkbox"
              />
              Tampilkan Kata Sandi
            </label>
          </div>
          <button
            class="buttonSubmit"
            data-testid="button-submit"
            disabled=""
            type="submit"
          >
            Reset kata Sandi
          </button>
          <div
            class="formNav"
          >
            <p
              class="nav"
            >
              Punya akun? 
              <b />
            </p>
          </div>
        </form>
      </div>
    </main>
  </div>,
  "debug": [Function],
  "findAllByAltText": [Function],
  "findAllByDisplayValue": [Function],
  "findAllByLabelText": [Function],
  "findAllByPlaceholderText": [Function],
  "findAllByRole": [Function],
  "findAllByTestId": [Function],
  "findAllByText": [Function],
  "findAllByTitle": [Function],
  "findByAltText": [Function],
  "findByDisplayValue": [Function],
  "findByLabelText": [Function],
  "findByPlaceholderText": [Function],
  "findByRole": [Function],
  "findByTestId": [Function],
  "findByText": [Function],
  "findByTitle": [Function],
  "getAllByAltText": [Function],
  "getAllByDisplayValue": [Function],
  "getAllByLabelText": [Function],
  "getAllByPlaceholderText": [Function],
  "getAllByRole": [Function],
  "getAllByTestId": [Function],
  "getAllByText": [Function],
  "getAllByTitle": [Function],
  "getByAltText": [Function],
  "getByDisplayValue": [Function],
  "getByLabelText": [Function],
  "getByPlaceholderText": [Function],
  "getByRole": [Function],
  "getByTestId": [Function],
  "getByText": [Function],
  "getByTitle": [Function],
  "queryAllByAltText": [Function],
  "queryAllByDisplayValue": [Function],
  "queryAllByLabelText": [Function],
  "queryAllByPlaceholderText": [Function],
  "queryAllByRole": [Function],
  "queryAllByTestId": [Function],
  "queryAllByText": [Function],
  "queryAllByTitle": [Function],
  "queryByAltText": [Function],
  "queryByDisplayValue": [Function],
  "queryByLabelText": [Function],
  "queryByPlaceholderText": [Function],
  "queryByRole": [Function],
  "queryByTestId": [Function],
  "queryByText": [Function],
  "queryByTitle": [Function],
  "rerender": [Function],
  "unmount": [Function],
}
`;
